// Vitest Snapshot v1, https://vitest.dev/guide/snapshot.html

exports[`App component > renders initial heading 1`] = `
<div>
  <button
    type="button"
  >
    Click me!
  </button>
  <h1>
    Greetings!
  </h1>
</div>
`;
